Archive member included to satisfy reference by file (symbol)

/Applications/ARM/bin/../lib/gcc/arm-none-eabi/10.3.1/thumb/v7e-m/nofp/libgcc.a(_aeabi_uldivmod.o)
                              CMakeFiles/STM32F401_RETx.elf.dir/Drivers/STM32F4xx_HAL_Driver/Src/stm32f4xx_hal_rcc.c.obj (__aeabi_uldivmod)
/Applications/ARM/bin/../lib/gcc/arm-none-eabi/10.3.1/thumb/v7e-m/nofp/libgcc.a(_udivmoddi4.o)
                              /Applications/ARM/bin/../lib/gcc/arm-none-eabi/10.3.1/thumb/v7e-m/nofp/libgcc.a(_aeabi_uldivmod.o) (__udivmoddi4)
/Applications/ARM/bin/../lib/gcc/arm-none-eabi/10.3.1/thumb/v7e-m/nofp/libgcc.a(_dvmd_tls.o)
                              /Applications/ARM/bin/../lib/gcc/arm-none-eabi/10.3.1/thumb/v7e-m/nofp/libgcc.a(_aeabi_uldivmod.o) (__aeabi_ldiv0)
/Applications/ARM/bin/../lib/gcc/arm-none-eabi/10.3.1/../../../../arm-none-eabi/lib/thumb/v7e-m/nofp/libg.a(lib_a-errno.o)
                              CMakeFiles/STM32F401_RETx.elf.dir/Core/Src/syscalls.c.obj (__errno)
/Applications/ARM/bin/../lib/gcc/arm-none-eabi/10.3.1/../../../../arm-none-eabi/lib/thumb/v7e-m/nofp/libg.a(lib_a-exit.o)
                              /Applications/ARM/bin/../lib/gcc/arm-none-eabi/10.3.1/../../../../arm-none-eabi/lib/thumb/v7e-m/nofp/crt0.o (exit)
/Applications/ARM/bin/../lib/gcc/arm-none-eabi/10.3.1/../../../../arm-none-eabi/lib/thumb/v7e-m/nofp/libg.a(lib_a-impure.o)
                              /Applications/ARM/bin/../lib/gcc/arm-none-eabi/10.3.1/../../../../arm-none-eabi/lib/thumb/v7e-m/nofp/libg.a(lib_a-exit.o) (_global_impure_ptr)
/Applications/ARM/bin/../lib/gcc/arm-none-eabi/10.3.1/../../../../arm-none-eabi/lib/thumb/v7e-m/nofp/libg.a(lib_a-init.o)
                              /Applications/ARM/bin/../lib/gcc/arm-none-eabi/10.3.1/../../../../arm-none-eabi/lib/thumb/v7e-m/nofp/crt0.o (__libc_init_array)
/Applications/ARM/bin/../lib/gcc/arm-none-eabi/10.3.1/../../../../arm-none-eabi/lib/thumb/v7e-m/nofp/libg.a(lib_a-memset.o)
                              /Applications/ARM/bin/../lib/gcc/arm-none-eabi/10.3.1/../../../../arm-none-eabi/lib/thumb/v7e-m/nofp/crt0.o (memset)
/Applications/ARM/bin/../lib/gcc/arm-none-eabi/10.3.1/../../../../arm-none-eabi/lib/thumb/v7e-m/nofp/libg.a(lib_a-__call_atexit.o)
                              /Applications/ARM/bin/../lib/gcc/arm-none-eabi/10.3.1/../../../../arm-none-eabi/lib/thumb/v7e-m/nofp/libg.a(lib_a-exit.o) (__call_exitprocs)
/Applications/ARM/bin/../lib/gcc/arm-none-eabi/10.3.1/../../../../arm-none-eabi/lib/thumb/v7e-m/nofp/libg.a(lib_a-atexit.o)
                              /Applications/ARM/bin/../lib/gcc/arm-none-eabi/10.3.1/../../../../arm-none-eabi/lib/thumb/v7e-m/nofp/libg.a(lib_a-__call_atexit.o) (atexit)
/Applications/ARM/bin/../lib/gcc/arm-none-eabi/10.3.1/../../../../arm-none-eabi/lib/thumb/v7e-m/nofp/libg.a(lib_a-fini.o)
                              /Applications/ARM/bin/../lib/gcc/arm-none-eabi/10.3.1/../../../../arm-none-eabi/lib/thumb/v7e-m/nofp/libg.a(lib_a-__call_atexit.o) (__libc_fini_array)
/Applications/ARM/bin/../lib/gcc/arm-none-eabi/10.3.1/../../../../arm-none-eabi/lib/thumb/v7e-m/nofp/libg.a(lib_a-lock.o)
                              /Applications/ARM/bin/../lib/gcc/arm-none-eabi/10.3.1/../../../../arm-none-eabi/lib/thumb/v7e-m/nofp/libg.a(lib_a-__call_atexit.o) (__retarget_lock_acquire_recursive)
/Applications/ARM/bin/../lib/gcc/arm-none-eabi/10.3.1/../../../../arm-none-eabi/lib/thumb/v7e-m/nofp/libg.a(lib_a-__atexit.o)
                              /Applications/ARM/bin/../lib/gcc/arm-none-eabi/10.3.1/../../../../arm-none-eabi/lib/thumb/v7e-m/nofp/libg.a(lib_a-atexit.o) (__register_exitproc)

Discarded input sections

 .text          0x0000000000000000        0x0 /Applications/ARM/bin/../lib/gcc/arm-none-eabi/10.3.1/thumb/v7e-m/nofp/crti.o
 .data          0x0000000000000000        0x0 /Applications/ARM/bin/../lib/gcc/arm-none-eabi/10.3.1/thumb/v7e-m/nofp/crti.o
 .bss           0x0000000000000000        0x0 /Applications/ARM/bin/../lib/gcc/arm-none-eabi/10.3.1/thumb/v7e-m/nofp/crti.o
 .data          0x0000000000000000        0x4 /Applications/ARM/bin/../lib/gcc/arm-none-eabi/10.3.1/thumb/v7e-m/nofp/crtbegin.o
 .rodata        0x0000000000000000       0x24 /Applications/ARM/bin/../lib/gcc/arm-none-eabi/10.3.1/thumb/v7e-m/nofp/crtbegin.o
 .text          0x0000000000000000       0x7c /Applications/ARM/bin/../lib/gcc/arm-none-eabi/10.3.1/../../../../arm-none-eabi/lib/thumb/v7e-m/nofp/crt0.o
 .data          0x0000000000000000        0x0 /Applications/ARM/bin/../lib/gcc/arm-none-eabi/10.3.1/../../../../arm-none-eabi/lib/thumb/v7e-m/nofp/crt0.o
 .bss           0x0000000000000000        0x0 /Applications/ARM/bin/../lib/gcc/arm-none-eabi/10.3.1/../../../../arm-none-eabi/lib/thumb/v7e-m/nofp/crt0.o
 .ARM.extab     0x0000000000000000        0x0 /Applications/ARM/bin/../lib/gcc/arm-none-eabi/10.3.1/../../../../arm-none-eabi/lib/thumb/v7e-m/nofp/crt0.o
[...]
Memory Configuration

Name             Origin             Length             Attributes
RAM              0x0000000020000000 0x0000000000018000 xrw
FLASH            0x0000000008000000 0x0000000000080000 xr
*default*        0x0000000000000000 0xffffffffffffffff

Linker script and memory map

LOAD /Applications/ARM/bin/../lib/gcc/arm-none-eabi/10.3.1/thumb/v7e-m/nofp/crti.o
LOAD /Applications/ARM/bin/../lib/gcc/arm-none-eabi/10.3.1/thumb/v7e-m/nofp/crtbegin.o
LOAD /Applications/ARM/bin/../lib/gcc/arm-none-eabi/10.3.1/../../../../arm-none-eabi/lib/thumb/v7e-m/nofp/crt0.o
LOAD CMakeFiles/STM32F401_RETx.elf.dir/Core/Src/main.c.obj
LOAD CMakeFiles/STM32F401_RETx.elf.dir/Core/Src/stm32f4xx_hal_msp.c.obj
LOAD CMakeFiles/STM32F401_RETx.elf.dir/Core/Src/stm32f4xx_it.c.obj
LOAD CMakeFiles/STM32F401_RETx.elf.dir/Core/Src/syscalls.c.obj
LOAD CMakeFiles/STM32F401_RETx.elf.dir/Core/Src/system_stm32f4xx.c.obj
LOAD CMakeFiles/STM32F401_RETx.elf.dir/Drivers/STM32F4xx_HAL_Driver/Src/stm32f4xx_hal.c.obj
LOAD CMakeFiles/STM32F401_RETx.elf.dir/Drivers/STM32F4xx_HAL_Driver/Src/stm32f4xx_hal_adc.c.obj
LOAD CMakeFiles/STM32F401_RETx.elf.dir/Drivers/STM32F4xx_HAL_Driver/Src/stm32f4xx_hal_adc_ex.c.obj
LOAD CMakeFiles/STM32F401_RETx.elf.dir/Drivers/STM32F4xx_HAL_Driver/Src/stm32f4xx_hal_cortex.c.obj
LOAD CMakeFiles/STM32F401_RETx.elf.dir/Drivers/STM32F4xx_HAL_Driver/Src/stm32f4xx_hal_dma.c.obj
LOAD CMakeFiles/STM32F401_RETx.elf.dir/Drivers/STM32F4xx_HAL_Driver/Src/stm32f4xx_hal_dma_ex.c.obj
LOAD CMakeFiles/STM32F401_RETx.elf.dir/Drivers/STM32F4xx_HAL_Driver/Src/stm32f4xx_hal_exti.c.obj
LOAD CMakeFiles/STM32F401_RETx.elf.dir/Drivers/STM32F4xx_HAL_Driver/Src/stm32f4xx_hal_flash.c.obj
LOAD CMakeFiles/STM32F401_RETx.elf.dir/Drivers/STM32F4xx_HAL_Driver/Src/stm32f4xx_hal_flash_ex.c.obj
LOAD CMakeFiles/STM32F401_RETx.elf.dir/Drivers/STM32F4xx_HAL_Driver/Src/stm32f4xx_hal_flash_ramfunc.c.obj
LOAD CMakeFiles/STM32F401_RETx.elf.dir/Drivers/STM32F4xx_HAL_Driver/Src/stm32f4xx_hal_gpio.c.obj
LOAD CMakeFiles/STM32F401_RETx.elf.dir/Drivers/STM32F4xx_HAL_Driver/Src/stm32f4xx_hal_pwr.c.obj
LOAD CMakeFiles/STM32F401_RETx.elf.dir/Drivers/STM32F4xx_HAL_Driver/Src/stm32f4xx_hal_pwr_ex.c.obj
LOAD CMakeFiles/STM32F401_RETx.elf.dir/Drivers/STM32F4xx_HAL_Driver/Src/stm32f4xx_hal_rcc.c.obj
LOAD CMakeFiles/STM32F401_RETx.elf.dir/Drivers/STM32F4xx_HAL_Driver/Src/stm32f4xx_hal_rcc_ex.c.obj
LOAD CMakeFiles/STM32F401_RETx.elf.dir/Drivers/STM32F4xx_HAL_Driver/Src/stm32f4xx_hal_tim.c.obj
LOAD CMakeFiles/STM32F401_RETx.elf.dir/Drivers/STM32F4xx_HAL_Driver/Src/stm32f4xx_hal_tim_ex.c.obj
LOAD CMakeFiles/STM32F401_RETx.elf.dir/Drivers/STM32F4xx_HAL_Driver/Src/stm32f4xx_hal_uart.c.obj
LOAD CMakeFiles/STM32F401_RETx.elf.dir/Drivers/STM32F4xx_HAL_Driver/Src/stm32f4xx_ll_adc.c.obj
LOAD CMakeFiles/STM32F401_RETx.elf.dir/startup/startup_stm32f401xe.s.obj
START GROUP
LOAD /Applications/ARM/bin/../lib/gcc/arm-none-eabi/10.3.1/thumb/v7e-m/nofp/libgcc.a
LOAD /Applications/ARM/bin/../lib/gcc/arm-none-eabi/10.3.1/../../../../arm-none-eabi/lib/thumb/v7e-m/nofp/libg.a
LOAD /Applications/ARM/bin/../lib/gcc/arm-none-eabi/10.3.1/../../../../arm-none-eabi/lib/thumb/v7e-m/nofp/libc.a
END GROUP
LOAD /Applications/ARM/bin/../lib/gcc/arm-none-eabi/10.3.1/thumb/v7e-m/nofp/crtend.o
LOAD /Applications/ARM/bin/../lib/gcc/arm-none-eabi/10.3.1/thumb/v7e-m/nofp/crtn.o
                0x0000000020018000                _estack = 0x20018000
                0x0000000000000200                _Min_Heap_Size = 0x200
                0x0000000000000400                _Min_Stack_Size = 0x400

.isr_vector     0x0000000008000000      0x194
                0x0000000008000000                . = ALIGN (0x4)
 *(.isr_vector)
 .isr_vector    0x0000000008000000      0x194 CMakeFiles/STM32F401_RETx.elf.dir/startup/startup_stm32f401xe.s.obj
                0x0000000008000000                g_pfnVectors
                0x0000000008000194                . = ALIGN (0x4)

.text           0x0000000008000194     0x1800
                0x0000000008000194                . = ALIGN (0x4)
 *(.text)
 .text          0x0000000008000194       0x40 /Applications/ARM/bin/../lib/gcc/arm-none-eabi/10.3.1/thumb/v7e-m/nofp/crtbegin.o
 .text          0x00000000080001d4       0x30 /Applications/ARM/bin/../lib/gcc/arm-none-eabi/10.3.1/thumb/v7e-m/nofp/libgcc.a(_aeabi_uldivmod.o)
                0x00000000080001d4                __aeabi_uldivmod
 .text          0x0000000008000204      0x2d0 /Applications/ARM/bin/../lib/gcc/arm-none-eabi/10.3.1/thumb/v7e-m/nofp/libgcc.a(_udivmoddi4.o)
                0x0000000008000204                __udivmoddi4
 .text          0x00000000080004d4        0x4 /Applications/ARM/bin/../lib/gcc/arm-none-eabi/10.3.1/thumb/v7e-m/nofp/libgcc.a(_dvmd_tls.o)
                0x00000000080004d4                __aeabi_ldiv0
                0x00000000080004d4                __aeabi_idiv0
 *(.text*)
 .text.MX_GPIO_Init
                0x00000000080004d8       0xb8 CMakeFiles/STM32F401_RETx.elf.dir/Core/Src/main.c.obj
 .text.Error_Handler
                0x0000000008000590       0x18 CMakeFiles/STM32F401_RETx.elf.dir/Core/Src/main.c.obj
                0x0000000008000590                Error_Handler
 .text.MX_USART2_UART_Init
                0x00000000080005a8       0x34 CMakeFiles/STM32F401_RETx.elf.dir/Core/Src/main.c.obj
 .text.MX_ADC1_Init
                0x00000000080005dc       0x70 CMakeFiles/STM32F401_RETx.elf.dir/Core/Src/main.c.obj
 .text.SystemClock_Config
                0x000000000800064c       0xa8 CMakeFiles/STM32F401_RETx.elf.dir/Core/Src/main.c.obj
                0x000000000800064c                SystemClock_Config
 .text.main     0x00000000080006f4       0x54 CMakeFiles/STM32F401_RETx.elf.dir/Core/Src/main.c.obj
                0x00000000080006f4                main
 .text.HAL_MspInit
                0x0000000008000748       0x40 CMakeFiles/STM32F401_RETx.elf.dir/Core/Src/stm32f4xx_hal_msp.c.obj
                0x0000000008000748                HAL_MspInit
 .text.HAL_ADC_MspInit
                0x0000000008000788       0x68 CMakeFiles/STM32F401_RETx.elf.dir/Core/Src/stm32f4xx_hal_msp.c.obj
                0x0000000008000788                HAL_ADC_MspInit
 .text.HAL_UART_MspInit
                0x00000000080007f0       0x6c CMakeFiles/STM32F401_RETx.elf.dir/Core/Src/stm32f4xx_hal_msp.c.obj
                0x00000000080007f0                HAL_UART_MspInit
 .text.NMI_Handler
                0x000000000800085c        0x2 CMakeFiles/STM32F401_RETx.elf.dir/Core/Src/stm32f4xx_it.c.obj
                0x000000000800085c                NMI_Handler
 .text.HardFault_Handler
                0x000000000800085e        0x2 CMakeFiles/STM32F401_RETx.elf.dir/Core/Src/stm32f4xx_it.c.obj
                0x000000000800085e                HardFault_Handler
 .text.MemManage_Handler
                0x0000000008000860        0x2 CMakeFiles/STM32F401_RETx.elf.dir/Core/Src/stm32f4xx_it.c.obj
                0x0000000008000860                MemManage_Handler
 .text.BusFault_Handler
                0x0000000008000862        0x2 CMakeFiles/STM32F401_RETx.elf.dir/Core/Src/stm32f4xx_it.c.obj
                0x0000000008000862                BusFault_Handler
 .text.UsageFault_Handler
                0x0000000008000864        0x2 CMakeFiles/STM32F401_RETx.elf.dir/Core/Src/stm32f4xx_it.c.obj
                0x0000000008000864                UsageFault_Handler
 .text.SVC_Handler
                0x0000000008000866        0x2 CMakeFiles/STM32F401_RETx.elf.dir/Core/Src/stm32f4xx_it.c.obj
                0x0000000008000866                SVC_Handler
 .text.DebugMon_Handler
                0x0000000008000868        0x2 CMakeFiles/STM32F401_RETx.elf.dir/Core/Src/stm32f4xx_it.c.obj
                0x0000000008000868                DebugMon_Handler
 .text.PendSV_Handler
                0x000000000800086a        0x2 CMakeFiles/STM32F401_RETx.elf.dir/Core/Src/stm32f4xx_it.c.obj
                0x000000000800086a                PendSV_Handler
 .text.SysTick_Handler
                0x000000000800086c        0x8 CMakeFiles/STM32F401_RETx.elf.dir/Core/Src/stm32f4xx_it.c.obj
                0x000000000800086c                SysTick_Handler
 .text.SystemInit
                0x0000000008000874        0x2 CMakeFiles/STM32F401_RETx.elf.dir/Core/Src/system_stm32f4xx.c.obj
                0x0000000008000874                SystemInit
 *fill*         0x0000000008000876        0x2 
 .text.HAL_InitTick
                0x0000000008000878       0x4c CMakeFiles/STM32F401_RETx.elf.dir/Drivers/STM32F4xx_HAL_Driver/Src/stm32f4xx_hal.c.obj
                0x0000000008000878                HAL_InitTick
 .text.HAL_Init
                0x00000000080008c4       0x34 CMakeFiles/STM32F401_RETx.elf.dir/Drivers/STM32F4xx_HAL_Driver/Src/stm32f4xx_hal.c.obj
                0x00000000080008c4                HAL_Init
 .text.HAL_IncTick
                0x00000000080008f8       0x18 CMakeFiles/STM32F401_RETx.elf.dir/Drivers/STM32F4xx_HAL_Driver/Src/stm32f4xx_hal.c.obj
                0x00000000080008f8                HAL_IncTick
 .text.HAL_GetTick
                0x0000000008000910        0xc CMakeFiles/STM32F401_RETx.elf.dir/Drivers/STM32F4xx_HAL_Driver/Src/stm32f4xx_hal.c.obj
                0x0000000008000910                HAL_GetTick
 .text.HAL_Delay
                0x000000000800091c       0x28 CMakeFiles/STM32F401_RETx.elf.dir/Drivers/STM32F4xx_HAL_Driver/Src/stm32f4xx_hal.c.obj
                0x000000000800091c                HAL_Delay
 .text.ADC_Init
                0x0000000008000944      0x134 CMakeFiles/STM32F401_RETx.elf.dir/Drivers/STM32F4xx_HAL_Driver/Src/stm32f4xx_hal_adc.c.obj
 .text.HAL_ADC_Init
                0x0000000008000a78       0x56 CMakeFiles/STM32F401_RETx.elf.dir/Drivers/STM32F4xx_HAL_Driver/Src/stm32f4xx_hal_adc.c.obj
                0x0000000008000a78                HAL_ADC_Init
 *fill*         0x0000000008000ace        0x2 
 .text.HAL_ADC_ConfigChannel
                0x0000000008000ad0      0x198 CMakeFiles/STM32F401_RETx.elf.dir/Drivers/STM32F4xx_HAL_Driver/Src/stm32f4xx_hal_adc.c.obj
                0x0000000008000ad0                HAL_ADC_ConfigChannel
 .text.HAL_NVIC_SetPriorityGrouping
                0x0000000008000c68       0x24 CMakeFiles/STM32F401_RETx.elf.dir/Drivers/STM32F4xx_HAL_Driver/Src/stm32f4xx_hal_cortex.c.obj
                0x0000000008000c68                HAL_NVIC_SetPriorityGrouping
 .text.HAL_NVIC_SetPriority
                0x0000000008000c8c       0x70 CMakeFiles/STM32F401_RETx.elf.dir/Drivers/STM32F4xx_HAL_Driver/Src/stm32f4xx_hal_cortex.c.obj
                0x0000000008000c8c                HAL_NVIC_SetPriority
 .text.HAL_SYSTICK_Config
                0x0000000008000cfc       0x28 CMakeFiles/STM32F401_RETx.elf.dir/Drivers/STM32F4xx_HAL_Driver/Src/stm32f4xx_hal_cortex.c.obj
                0x0000000008000cfc                HAL_SYSTICK_Config
 .text.HAL_GPIO_Init
                0x0000000008000d24      0x1c0 CMakeFiles/STM32F401_RETx.elf.dir/Drivers/STM32F4xx_HAL_Driver/Src/stm32f4xx_hal_gpio.c.obj
                0x0000000008000d24                HAL_GPIO_Init
 .text.HAL_GPIO_ReadPin
                0x0000000008000ee4        0xe CMakeFiles/STM32F401_RETx.elf.dir/Drivers/STM32F4xx_HAL_Driver/Src/stm32f4xx_hal_gpio.c.obj
                0x0000000008000ee4                HAL_GPIO_ReadPin
 .text.HAL_GPIO_WritePin
                0x0000000008000ef2        0xc CMakeFiles/STM32F401_RETx.elf.dir/Drivers/STM32F4xx_HAL_Driver/Src/stm32f4xx_hal_gpio.c.obj
                0x0000000008000ef2                HAL_GPIO_WritePin
 *fill*         0x0000000008000efe        0x2 
 .text.HAL_RCC_OscConfig
                0x0000000008000f00      0x3f8 CMakeFiles/STM32F401_RETx.elf.dir/Drivers/STM32F4xx_HAL_Driver/Src/stm32f4xx_hal_rcc.c.obj
                0x0000000008000f00                HAL_RCC_OscConfig
 .text.HAL_RCC_GetSysClockFreq
                0x00000000080012f8       0xd4 CMakeFiles/STM32F401_RETx.elf.dir/Drivers/STM32F4xx_HAL_Driver/Src/stm32f4xx_hal_rcc.c.obj
                0x00000000080012f8                HAL_RCC_GetSysClockFreq
 .text.HAL_RCC_ClockConfig
                0x00000000080013cc      0x160 CMakeFiles/STM32F401_RETx.elf.dir/Drivers/STM32F4xx_HAL_Driver/Src/stm32f4xx_hal_rcc.c.obj
                0x00000000080013cc                HAL_RCC_ClockConfig
 .text.HAL_RCC_GetHCLKFreq
                0x000000000800152c        0xc CMakeFiles/STM32F401_RETx.elf.dir/Drivers/STM32F4xx_HAL_Driver/Src/stm32f4xx_hal_rcc.c.obj
                0x000000000800152c                HAL_RCC_GetHCLKFreq
 .text.HAL_RCC_GetPCLK1Freq
                0x0000000008001538       0x20 CMakeFiles/STM32F401_RETx.elf.dir/Drivers/STM32F4xx_HAL_Driver/Src/stm32f4xx_hal_rcc.c.obj
                0x0000000008001538                HAL_RCC_GetPCLK1Freq
 .text.HAL_RCC_GetPCLK2Freq
                0x0000000008001558       0x20 CMakeFiles/STM32F401_RETx.elf.dir/Drivers/STM32F4xx_HAL_Driver/Src/stm32f4xx_hal_rcc.c.obj
                0x0000000008001558                HAL_RCC_GetPCLK2Freq
 .text.HAL_UART_TxCpltCallback
                0x0000000008001578        0x2 CMakeFiles/STM32F401_RETx.elf.dir/Drivers/STM32F4xx_HAL_Driver/Src/stm32f4xx_hal_uart.c.obj
                0x0000000008001578                HAL_UART_TxCpltCallback
 .text.HAL_UART_TxHalfCpltCallback
                0x000000000800157a        0x2 CMakeFiles/STM32F401_RETx.elf.dir/Drivers/STM32F4xx_HAL_Driver/Src/stm32f4xx_hal_uart.c.obj
                0x000000000800157a                HAL_UART_TxHalfCpltCallback
 .text.HAL_UART_RxCpltCallback
                0x000000000800157c        0x2 CMakeFiles/STM32F401_RETx.elf.dir/Drivers/STM32F4xx_HAL_Driver/Src/stm32f4xx_hal_uart.c.obj
                0x000000000800157c                HAL_UART_RxCpltCallback
 .text.HAL_UART_RxHalfCpltCallback
                0x000000000800157e        0x2 CMakeFiles/STM32F401_RETx.elf.dir/Drivers/STM32F4xx_HAL_Driver/Src/stm32f4xx_hal_uart.c.obj
                0x000000000800157e                HAL_UART_RxHalfCpltCallback
 .text.HAL_UART_ErrorCallback
                0x0000000008001580        0x2 CMakeFiles/STM32F401_RETx.elf.dir/Drivers/STM32F4xx_HAL_Driver/Src/stm32f4xx_hal_uart.c.obj
                0x0000000008001580                HAL_UART_ErrorCallback
 .text.HAL_UART_AbortCpltCallback
                0x0000000008001582        0x2 CMakeFiles/STM32F401_RETx.elf.dir/Drivers/STM32F4xx_HAL_Driver/Src/stm32f4xx_hal_uart.c.obj
                0x0000000008001582                HAL_UART_AbortCpltCallback
 .text.HAL_UART_AbortTransmitCpltCallback
                0x0000000008001584        0x2 CMakeFiles/STM32F401_RETx.elf.dir/Drivers/STM32F4xx_HAL_Driver/Src/stm32f4xx_hal_uart.c.obj
                0x0000000008001584                HAL_UART_AbortTransmitCpltCallback
 .text.HAL_UART_AbortReceiveCpltCallback
                0x0000000008001586        0x2 CMakeFiles/STM32F401_RETx.elf.dir/Drivers/STM32F4xx_HAL_Driver/Src/stm32f4xx_hal_uart.c.obj
                0x0000000008001586                HAL_UART_AbortReceiveCpltCallback
 .text.HAL_UARTEx_RxEventCallback
                0x0000000008001588        0x2 CMakeFiles/STM32F401_RETx.elf.dir/Drivers/STM32F4xx_HAL_Driver/Src/stm32f4xx_hal_uart.c.obj
                0x0000000008001588                HAL_UARTEx_RxEventCallback
 *fill*         0x000000000800158a        0x2 
 .text.UART_SetConfig
                0x000000000800158c      0x110 CMakeFiles/STM32F401_RETx.elf.dir/Drivers/STM32F4xx_HAL_Driver/Src/stm32f4xx_hal_uart.c.obj
 .text.UART_InitCallbacksToDefault
                0x000000000800169c       0x4c CMakeFiles/STM32F401_RETx.elf.dir/Drivers/STM32F4xx_HAL_Driver/Src/stm32f4xx_hal_uart.c.obj
                0x000000000800169c                UART_InitCallbacksToDefault
 .text.HAL_UART_Init
                0x00000000080016e8       0x74 CMakeFiles/STM32F401_RETx.elf.dir/Drivers/STM32F4xx_HAL_Driver/Src/stm32f4xx_hal_uart.c.obj
                0x00000000080016e8                HAL_UART_Init
 .text.Reset_Handler
                0x000000000800175c       0x50 CMakeFiles/STM32F401_RETx.elf.dir/startup/startup_stm32f401xe.s.obj
                0x000000000800175c                Reset_Handler
 .text.Default_Handler
                0x00000000080017ac        0x2 CMakeFiles/STM32F401_RETx.elf.dir/startup/startup_stm32f401xe.s.obj
                0x00000000080017ac                DMA1_Stream3_IRQHandler
                0x00000000080017ac                EXTI2_IRQHandler
                0x00000000080017ac                SPI4_IRQHandler
                0x00000000080017ac                TIM1_CC_IRQHandler
                0x00000000080017ac                DMA2_Stream5_IRQHandler
                0x00000000080017ac                DMA1_Stream5_IRQHandler
                0x00000000080017ac                PVD_IRQHandler
                0x00000000080017ac                SDIO_IRQHandler
                0x00000000080017ac                TAMP_STAMP_IRQHandler
                0x00000000080017ac                EXTI3_IRQHandler
                0x00000000080017ac                TIM1_UP_TIM10_IRQHandler
                0x00000000080017ac                I2C3_ER_IRQHandler
                0x00000000080017ac                EXTI0_IRQHandler
                0x00000000080017ac                I2C2_EV_IRQHandler
                0x00000000080017ac                DMA1_Stream2_IRQHandler
                0x00000000080017ac                FPU_IRQHandler
                0x00000000080017ac                DMA2_Stream2_IRQHandler
                0x00000000080017ac                SPI1_IRQHandler
                0x00000000080017ac                TIM1_BRK_TIM9_IRQHandler
                0x00000000080017ac                DMA2_Stream3_IRQHandler
                0x00000000080017ac                USART6_IRQHandler
                0x00000000080017ac                DMA2_Stream0_IRQHandler
                0x00000000080017ac                TIM4_IRQHandler
                0x00000000080017ac                I2C1_EV_IRQHandler
                0x00000000080017ac                DMA1_Stream6_IRQHandler
                0x00000000080017ac                DMA1_Stream1_IRQHandler
                0x00000000080017ac                TIM3_IRQHandler
                0x00000000080017ac                RCC_IRQHandler
                0x00000000080017ac                Default_Handler
                0x00000000080017ac                EXTI15_10_IRQHandler
                0x00000000080017ac                ADC_IRQHandler
                0x00000000080017ac                DMA1_Stream7_IRQHandler
                0x00000000080017ac                TIM5_IRQHandler
                0x00000000080017ac                DMA2_Stream7_IRQHandler
                0x00000000080017ac                I2C3_EV_IRQHandler
                0x00000000080017ac                EXTI9_5_IRQHandler
                0x00000000080017ac                RTC_WKUP_IRQHandler
                0x00000000080017ac                SPI2_IRQHandler
                0x00000000080017ac                DMA1_Stream0_IRQHandler
                0x00000000080017ac                EXTI4_IRQHandler
                0x00000000080017ac                WWDG_IRQHandler
                0x00000000080017ac                TIM2_IRQHandler
                0x00000000080017ac                OTG_FS_WKUP_IRQHandler
                0x00000000080017ac                TIM1_TRG_COM_TIM11_IRQHandler
                0x00000000080017ac                EXTI1_IRQHandler
                0x00000000080017ac                USART2_IRQHandler
                0x00000000080017ac                I2C2_ER_IRQHandler
                0x00000000080017ac                DMA2_Stream1_IRQHandler
                0x00000000080017ac                FLASH_IRQHandler
                0x00000000080017ac                DMA2_Stream4_IRQHandler
                0x00000000080017ac                USART1_IRQHandler
                0x00000000080017ac                OTG_FS_IRQHandler
                0x00000000080017ac                SPI3_IRQHandler
                0x00000000080017ac                DMA1_Stream4_IRQHandler
                0x00000000080017ac                I2C1_ER_IRQHandler
                0x00000000080017ac                DMA2_Stream6_IRQHandler
                0x00000000080017ac                RTC_Alarm_IRQHandler
 *fill*         0x00000000080017ae        0x2 
 .text.__libc_init_array
                0x00000000080017b0       0x48 /Applications/ARM/bin/../lib/gcc/arm-none-eabi/10.3.1/../../../../arm-none-eabi/lib/thumb/v7e-m/nofp/libg.a(lib_a-init.o)
                0x00000000080017b0                __libc_init_array
 .text.memset   0x00000000080017f8       0xa4 /Applications/ARM/bin/../lib/gcc/arm-none-eabi/10.3.1/../../../../arm-none-eabi/lib/thumb/v7e-m/nofp/libg.a(lib_a-memset.o)
                0x00000000080017f8                memset
 .text.startup.register_fini
                0x000000000800189c       0x14 /Applications/ARM/bin/../lib/gcc/arm-none-eabi/10.3.1/../../../../arm-none-eabi/lib/thumb/v7e-m/nofp/libg.a(lib_a-__call_atexit.o)
 .text.atexit   0x00000000080018b0        0xc /Applications/ARM/bin/../lib/gcc/arm-none-eabi/10.3.1/../../../../arm-none-eabi/lib/thumb/v7e-m/nofp/libg.a(lib_a-atexit.o)
                0x00000000080018b0                atexit
 .text.__libc_fini_array
                0x00000000080018bc       0x2c /Applications/ARM/bin/../lib/gcc/arm-none-eabi/10.3.1/../../../../arm-none-eabi/lib/thumb/v7e-m/nofp/libg.a(lib_a-fini.o)
                0x00000000080018bc                __libc_fini_array
 .text.__retarget_lock_acquire_recursive
                0x00000000080018e8        0x4 /Applications/ARM/bin/../lib/gcc/arm-none-eabi/10.3.1/../../../../arm-none-eabi/lib/thumb/v7e-m/nofp/libg.a(lib_a-lock.o)
                0x00000000080018e8                __retarget_lock_acquire_recursive
 .text.__retarget_lock_release_recursive
                0x00000000080018ec        0x4 /Applications/ARM/bin/../lib/gcc/arm-none-eabi/10.3.1/../../../../arm-none-eabi/lib/thumb/v7e-m/nofp/libg.a(lib_a-lock.o)
                0x00000000080018ec                __retarget_lock_release_recursive
 .text.__register_exitproc
                0x00000000080018f0       0x8c /Applications/ARM/bin/../lib/gcc/arm-none-eabi/10.3.1/../../../../arm-none-eabi/lib/thumb/v7e-m/nofp/libg.a(lib_a-__atexit.o)
                0x00000000080018f0                __register_exitproc
 *(.glue_7)
 .glue_7        0x000000000800197c        0x0 linker stubs
 *(.glue_7t)
 .glue_7t       0x000000000800197c        0x0 linker stubs
 *(.eh_frame)
 .eh_frame      0x000000000800197c        0x0 /Applications/ARM/bin/../lib/gcc/arm-none-eabi/10.3.1/thumb/v7e-m/nofp/crtbegin.o
 *(.init)
 .init          0x000000000800197c        0x4 /Applications/ARM/bin/../lib/gcc/arm-none-eabi/10.3.1/thumb/v7e-m/nofp/crti.o
                0x000000000800197c                _init
 .init          0x0000000008001980        0x8 /Applications/ARM/bin/../lib/gcc/arm-none-eabi/10.3.1/thumb/v7e-m/nofp/crtn.o
 *(.fini)
 .fini          0x0000000008001988        0x4 /Applications/ARM/bin/../lib/gcc/arm-none-eabi/10.3.1/thumb/v7e-m/nofp/crti.o
                0x0000000008001988                _fini
 .fini          0x000000000800198c        0x8 /Applications/ARM/bin/../lib/gcc/arm-none-eabi/10.3.1/thumb/v7e-m/nofp/crtn.o
                0x0000000008001994                . = ALIGN (0x4)
                0x0000000008001994                _etext = .

.vfp11_veneer   0x0000000008001994        0x0
 .vfp11_veneer  0x0000000008001994        0x0 linker stubs

.v4_bx          0x0000000008001994        0x0
 .v4_bx         0x0000000008001994        0x0 linker stubs

.iplt           0x0000000008001994        0x0
 .iplt          0x0000000008001994        0x0 /Applications/ARM/bin/../lib/gcc/arm-none-eabi/10.3.1/thumb/v7e-m/nofp/crtbegin.o

.rodata         0x0000000008001994       0x1c
                0x0000000008001994                . = ALIGN (0x4)
 *(.rodata)
 *(.rodata*)
 .rodata.AHBPrescTable
                0x0000000008001994       0x10 CMakeFiles/STM32F401_RETx.elf.dir/Core/Src/system_stm32f4xx.c.obj
                0x0000000008001994                AHBPrescTable
 .rodata.APBPrescTable
                0x00000000080019a4        0x8 CMakeFiles/STM32F401_RETx.elf.dir/Core/Src/system_stm32f4xx.c.obj
                0x00000000080019a4                APBPrescTable
 .rodata._global_impure_ptr
                0x00000000080019ac        0x4 /Applications/ARM/bin/../lib/gcc/arm-none-eabi/10.3.1/../../../../arm-none-eabi/lib/thumb/v7e-m/nofp/libg.a(lib_a-impure.o)
                0x00000000080019ac                _global_impure_ptr
                0x00000000080019b0                . = ALIGN (0x4)

.ARM.extab
 *(.ARM.extab* .gnu.linkonce.armextab.*)

.ARM            0x00000000080019b0        0x8
                0x00000000080019b0                __exidx_start = .
 *(.ARM.exidx*)
 .ARM.exidx     0x00000000080019b0        0x8 /Applications/ARM/bin/../lib/gcc/arm-none-eabi/10.3.1/thumb/v7e-m/nofp/libgcc.a(_udivmoddi4.o)
                0x00000000080019b8                __exidx_end = .

.rel.dyn        0x00000000080019b8        0x0
 .rel.iplt      0x00000000080019b8        0x0 /Applications/ARM/bin/../lib/gcc/arm-none-eabi/10.3.1/thumb/v7e-m/nofp/crtbegin.o

.preinit_array  0x00000000080019b8        0x0
                0x00000000080019b8                PROVIDE (__preinit_array_start = .)
 *(.preinit_array*)
                0x00000000080019b8                PROVIDE (__preinit_array_end = .)

.init_array     0x00000000080019b8        0x8
                0x00000000080019b8                PROVIDE (__init_array_start = .)
 *(SORT_BY_NAME(.init_array.*))
 .init_array.00000
                0x00000000080019b8        0x4 /Applications/ARM/bin/../lib/gcc/arm-none-eabi/10.3.1/../../../../arm-none-eabi/lib/thumb/v7e-m/nofp/libg.a(lib_a-__call_atexit.o)
 *(.init_array*)
 .init_array    0x00000000080019bc        0x4 /Applications/ARM/bin/../lib/gcc/arm-none-eabi/10.3.1/thumb/v7e-m/nofp/crtbegin.o
                0x00000000080019c0                PROVIDE (__init_array_end = .)

.fini_array     0x00000000080019c0        0x4
                0x00000000080019c0                PROVIDE (__fini_array_start = .)
 *(SORT_BY_NAME(.fini_array.*))
 *(.fini_array*)
 .fini_array    0x00000000080019c0        0x4 /Applications/ARM/bin/../lib/gcc/arm-none-eabi/10.3.1/thumb/v7e-m/nofp/crtbegin.o
                0x00000000080019c4                PROVIDE (__fini_array_end = .)
                0x00000000080019c4                _sidata = LOADADDR (.data)

.data           0x0000000020000000      0x43c load address 0x00000000080019c4
                0x0000000020000000                . = ALIGN (0x4)
                0x0000000020000000                _sdata = .
 *(.data)
 *(.data*)
 .data.SystemCoreClock
                0x0000000020000000        0x4 CMakeFiles/STM32F401_RETx.elf.dir/Core/Src/system_stm32f4xx.c.obj
                0x0000000020000000                SystemCoreClock
 .data.uwTickFreq
                0x0000000020000004        0x1 CMakeFiles/STM32F401_RETx.elf.dir/Drivers/STM32F4xx_HAL_Driver/Src/stm32f4xx_hal.c.obj
                0x0000000020000004                uwTickFreq
 *fill*         0x0000000020000005        0x3 
 .data.uwTickPrio
                0x0000000020000008        0x4 CMakeFiles/STM32F401_RETx.elf.dir/Drivers/STM32F4xx_HAL_Driver/Src/stm32f4xx_hal.c.obj
                0x0000000020000008                uwTickPrio
 *fill*         0x000000002000000c        0x4 
 .data.impure_data
                0x0000000020000010      0x428 /Applications/ARM/bin/../lib/gcc/arm-none-eabi/10.3.1/../../../../arm-none-eabi/lib/thumb/v7e-m/nofp/libg.a(lib_a-impure.o)
 .data.__atexit_recursive_mutex
                0x0000000020000438        0x4 /Applications/ARM/bin/../lib/gcc/arm-none-eabi/10.3.1/../../../../arm-none-eabi/lib/thumb/v7e-m/nofp/libg.a(lib_a-__call_atexit.o)
                0x0000000020000438                __atexit_recursive_mutex
                0x000000002000043c                . = ALIGN (0x4)
                0x000000002000043c                _edata = .

.igot.plt       0x000000002000043c        0x0 load address 0x0000000008001e00
 .igot.plt      0x000000002000043c        0x0 /Applications/ARM/bin/../lib/gcc/arm-none-eabi/10.3.1/thumb/v7e-m/nofp/crtbegin.o
                0x000000002000043c                . = ALIGN (0x4)

.bss            0x000000002000043c       0xe0 load address 0x0000000008001e00
                0x000000002000043c                _sbss = .
                0x000000002000043c                __bss_start__ = _sbss
 *(.bss)
 .bss           0x000000002000043c       0x1c /Applications/ARM/bin/../lib/gcc/arm-none-eabi/10.3.1/thumb/v7e-m/nofp/crtbegin.o
 *(.bss*)
 .bss.hadc1     0x0000000020000458       0x48 CMakeFiles/STM32F401_RETx.elf.dir/Core/Src/main.c.obj
                0x0000000020000458                hadc1
 .bss.huart2    0x00000000200004a0       0x74 CMakeFiles/STM32F401_RETx.elf.dir/Core/Src/main.c.obj
                0x00000000200004a0                huart2
 .bss.uwTick    0x0000000020000514        0x4 CMakeFiles/STM32F401_RETx.elf.dir/Drivers/STM32F4xx_HAL_Driver/Src/stm32f4xx_hal.c.obj
                0x0000000020000514                uwTick
 .bss.__lock___atexit_recursive_mutex
                0x0000000020000518        0x1 /Applications/ARM/bin/../lib/gcc/arm-none-eabi/10.3.1/../../../../arm-none-eabi/lib/thumb/v7e-m/nofp/libg.a(lib_a-lock.o)
                0x0000000020000518                __lock___atexit_recursive_mutex
 *(COMMON)
                0x000000002000051c                . = ALIGN (0x4)
 *fill*         0x0000000020000519        0x3 
                0x000000002000051c                _ebss = .
                0x000000002000051c                __bss_end__ = _ebss

._user_heap_stack
                0x000000002000051c      0x604 load address 0x0000000008001e00
                0x0000000020000520                . = ALIGN (0x8)
 *fill*         0x000000002000051c        0x4 
                0x0000000020000520                PROVIDE (end = .)
                [!provide]                        PROVIDE (_end = .)
                0x0000000020000720                . = (. + _Min_Heap_Size)
 *fill*         0x0000000020000520      0x200 
                0x0000000020000b20                . = (. + _Min_Stack_Size)
 *fill*         0x0000000020000720      0x400 
                0x0000000020000b20                . = ALIGN (0x8)

/DISCARD/
 libc.a(*)
 libm.a(*)
 libgcc.a(*)

.ARM.attributes
                0x0000000000000000       0x2a
 *(.ARM.attributes)
 .ARM.attributes
                0x0000000000000000       0x1e /Applications/ARM/bin/../lib/gcc/arm-none-eabi/10.3.1/thumb/v7e-m/nofp/crti.o
 .ARM.attributes
                0x000000000000001e       0x2e /Applications/ARM/bin/../lib/gcc/arm-none-eabi/10.3.1/thumb/v7e-m/nofp/crtbegin.o
 .ARM.attributes
                0x000000000000004c       0x2e CMakeFiles/STM32F401_RETx.elf.dir/Core/Src/main.c.obj
 .ARM.attributes
                0x000000000000007a       0x2e CMakeFiles/STM32F401_RETx.elf.dir/Core/Src/stm32f4xx_hal_msp.c.obj
 .ARM.attributes
                0x00000000000000a8       0x2e CMakeFiles/STM32F401_RETx.elf.dir/Core/Src/stm32f4xx_it.c.obj
 .ARM.attributes
                0x00000000000000d6       0x2e CMakeFiles/STM32F401_RETx.elf.dir/Core/Src/system_stm32f4xx.c.obj
 .ARM.attributes
                0x0000000000000104       0x2e CMakeFiles/STM32F401_RETx.elf.dir/Drivers/STM32F4xx_HAL_Driver/Src/stm32f4xx_hal.c.obj
 .ARM.attributes
                0x0000000000000132       0x2e CMakeFiles/STM32F401_RETx.elf.dir/Drivers/STM32F4xx_HAL_Driver/Src/stm32f4xx_hal_adc.c.obj
 .ARM.attributes
                0x0000000000000160       0x2e CMakeFiles/STM32F401_RETx.elf.dir/Drivers/STM32F4xx_HAL_Driver/Src/stm32f4xx_hal_cortex.c.obj
 .ARM.attributes
                0x000000000000018e       0x2e CMakeFiles/STM32F401_RETx.elf.dir/Drivers/STM32F4xx_HAL_Driver/Src/stm32f4xx_hal_gpio.c.obj
 .ARM.attributes
                0x00000000000001bc       0x2e CMakeFiles/STM32F401_RETx.elf.dir/Drivers/STM32F4xx_HAL_Driver/Src/stm32f4xx_hal_rcc.c.obj
 .ARM.attributes
                0x00000000000001ea       0x2e CMakeFiles/STM32F401_RETx.elf.dir/Drivers/STM32F4xx_HAL_Driver/Src/stm32f4xx_hal_uart.c.obj
 .ARM.attributes
                0x0000000000000218       0x21 CMakeFiles/STM32F401_RETx.elf.dir/startup/startup_stm32f401xe.s.obj
 .ARM.attributes
                0x0000000000000239       0x1e /Applications/ARM/bin/../lib/gcc/arm-none-eabi/10.3.1/thumb/v7e-m/nofp/libgcc.a(_aeabi_uldivmod.o)
 .ARM.attributes
                0x0000000000000257       0x2e /Applications/ARM/bin/../lib/gcc/arm-none-eabi/10.3.1/thumb/v7e-m/nofp/libgcc.a(_udivmoddi4.o)
 .ARM.attributes
                0x0000000000000285       0x1e /Applications/ARM/bin/../lib/gcc/arm-none-eabi/10.3.1/thumb/v7e-m/nofp/libgcc.a(_dvmd_tls.o)
 .ARM.attributes
                0x00000000000002a3       0x2e /Applications/ARM/bin/../lib/gcc/arm-none-eabi/10.3.1/../../../../arm-none-eabi/lib/thumb/v7e-m/nofp/libg.a(lib_a-impure.o)
 .ARM.attributes
                0x00000000000002d1       0x2e /Applications/ARM/bin/../lib/gcc/arm-none-eabi/10.3.1/../../../../arm-none-eabi/lib/thumb/v7e-m/nofp/libg.a(lib_a-init.o)
 .ARM.attributes
                0x00000000000002ff       0x2e /Applications/ARM/bin/../lib/gcc/arm-none-eabi/10.3.1/../../../../arm-none-eabi/lib/thumb/v7e-m/nofp/libg.a(lib_a-memset.o)
 .ARM.attributes
                0x000000000000032d       0x2e /Applications/ARM/bin/../lib/gcc/arm-none-eabi/10.3.1/../../../../arm-none-eabi/lib/thumb/v7e-m/nofp/libg.a(lib_a-__call_atexit.o)
 .ARM.attributes
                0x000000000000035b       0x2e /Applications/ARM/bin/../lib/gcc/arm-none-eabi/10.3.1/../../../../arm-none-eabi/lib/thumb/v7e-m/nofp/libg.a(lib_a-atexit.o)
 .ARM.attributes
                0x0000000000000389       0x2e /Applications/ARM/bin/../lib/gcc/arm-none-eabi/10.3.1/../../../../arm-none-eabi/lib/thumb/v7e-m/nofp/libg.a(lib_a-fini.o)
 .ARM.attributes
                0x00000000000003b7       0x2e /Applications/ARM/bin/../lib/gcc/arm-none-eabi/10.3.1/../../../../arm-none-eabi/lib/thumb/v7e-m/nofp/libg.a(lib_a-lock.o)
 .ARM.attributes
                0x00000000000003e5       0x2e /Applications/ARM/bin/../lib/gcc/arm-none-eabi/10.3.1/../../../../arm-none-eabi/lib/thumb/v7e-m/nofp/libg.a(lib_a-__atexit.o)
 .ARM.attributes
                0x0000000000000413       0x1e /Applications/ARM/bin/../lib/gcc/arm-none-eabi/10.3.1/thumb/v7e-m/nofp/crtn.o
OUTPUT(STM32F401_RETx.elf elf32-littlearm)
LOAD linker stubs
LOAD /Applications/ARM/bin/../lib/gcc/arm-none-eabi/10.3.1/../../../../arm-none-eabi/lib/thumb/v7e-m/nofp/libc.a
LOAD /Applications/ARM/bin/../lib/gcc/arm-none-eabi/10.3.1/../../../../arm-none-eabi/lib/thumb/v7e-m/nofp/libm.a
LOAD /Applications/ARM/bin/../lib/gcc/arm-none-eabi/10.3.1/thumb/v7e-m/nofp/libgcc.a

.debug_info     0x0000000000000000     0xa44a
 .debug_info    0x0000000000000000     0x11c2 CMakeFiles/STM32F401_RETx.elf.dir/Core/Src/main.c.obj
 .debug_info    0x00000000000011c2      0xdc8 CMakeFiles/STM32F401_RETx.elf.dir/Core/Src/stm32f4xx_hal_msp.c.obj
 .debug_info    0x0000000000001f8a      0x12f CMakeFiles/STM32F401_RETx.elf.dir/Core/Src/stm32f4xx_it.c.obj
 .debug_info    0x00000000000020b9      0x3a9 CMakeFiles/STM32F401_RETx.elf.dir/Core/Src/system_stm32f4xx.c.obj
 .debug_info    0x0000000000002462      0x97b CMakeFiles/STM32F401_RETx.elf.dir/Drivers/STM32F4xx_HAL_Driver/Src/stm32f4xx_hal.c.obj
 .debug_info    0x0000000000002ddd      0xeaf CMakeFiles/STM32F401_RETx.elf.dir/Drivers/STM32F4xx_HAL_Driver/Src/stm32f4xx_hal_adc.c.obj
 .debug_info    0x0000000000003c8c     0x1002 CMakeFiles/STM32F401_RETx.elf.dir/Drivers/STM32F4xx_HAL_Driver/Src/stm32f4xx_hal_cortex.c.obj
 .debug_info    0x0000000000004c8e      0x7d4 CMakeFiles/STM32F401_RETx.elf.dir/Drivers/STM32F4xx_HAL_Driver/Src/stm32f4xx_hal_gpio.c.obj
 .debug_info    0x0000000000005462      0xb2a CMakeFiles/STM32F401_RETx.elf.dir/Drivers/STM32F4xx_HAL_Driver/Src/stm32f4xx_hal_rcc.c.obj
 .debug_info    0x0000000000005f8c     0x449c CMakeFiles/STM32F401_RETx.elf.dir/Drivers/STM32F4xx_HAL_Driver/Src/stm32f4xx_hal_uart.c.obj
 .debug_info    0x000000000000a428       0x22 CMakeFiles/STM32F401_RETx.elf.dir/startup/startup_stm32f401xe.s.obj

.debug_abbrev   0x0000000000000000     0x14c7
 .debug_abbrev  0x0000000000000000      0x23c CMakeFiles/STM32F401_RETx.elf.dir/Core/Src/main.c.obj
 .debug_abbrev  0x000000000000023c      0x199 CMakeFiles/STM32F401_RETx.elf.dir/Core/Src/stm32f4xx_hal_msp.c.obj
 .debug_abbrev  0x00000000000003d5       0x7e CMakeFiles/STM32F401_RETx.elf.dir/Core/Src/stm32f4xx_it.c.obj
 .debug_abbrev  0x0000000000000453      0x119 CMakeFiles/STM32F401_RETx.elf.dir/Core/Src/system_stm32f4xx.c.obj
 .debug_abbrev  0x000000000000056c      0x237 CMakeFiles/STM32F401_RETx.elf.dir/Drivers/STM32F4xx_HAL_Driver/Src/stm32f4xx_hal.c.obj
 .debug_abbrev  0x00000000000007a3      0x1fa CMakeFiles/STM32F401_RETx.elf.dir/Drivers/STM32F4xx_HAL_Driver/Src/stm32f4xx_hal_adc.c.obj
 .debug_abbrev  0x000000000000099d      0x36a CMakeFiles/STM32F401_RETx.elf.dir/Drivers/STM32F4xx_HAL_Driver/Src/stm32f4xx_hal_cortex.c.obj
 .debug_abbrev  0x0000000000000d07      0x1ef CMakeFiles/STM32F401_RETx.elf.dir/Drivers/STM32F4xx_HAL_Driver/Src/stm32f4xx_hal_gpio.c.obj
 .debug_abbrev  0x0000000000000ef6      0x28a CMakeFiles/STM32F401_RETx.elf.dir/Drivers/STM32F4xx_HAL_Driver/Src/stm32f4xx_hal_rcc.c.obj
 .debug_abbrev  0x0000000000001180      0x335 CMakeFiles/STM32F401_RETx.elf.dir/Drivers/STM32F4xx_HAL_Driver/Src/stm32f4xx_hal_uart.c.obj
 .debug_abbrev  0x00000000000014b5       0x12 CMakeFiles/STM32F401_RETx.elf.dir/startup/startup_stm32f401xe.s.obj

.debug_aranges  0x0000000000000000      0x6c0
 .debug_aranges
                0x0000000000000000       0x48 CMakeFiles/STM32F401_RETx.elf.dir/Core/Src/main.c.obj
 .debug_aranges
                0x0000000000000048       0x40 CMakeFiles/STM32F401_RETx.elf.dir/Core/Src/stm32f4xx_hal_msp.c.obj
 .debug_aranges
                0x0000000000000088       0x60 CMakeFiles/STM32F401_RETx.elf.dir/Core/Src/stm32f4xx_it.c.obj
 .debug_aranges
                0x00000000000000e8       0x28 CMakeFiles/STM32F401_RETx.elf.dir/Core/Src/system_stm32f4xx.c.obj
 .debug_aranges
                0x0000000000000110       0xf0 CMakeFiles/STM32F401_RETx.elf.dir/Drivers/STM32F4xx_HAL_Driver/Src/stm32f4xx_hal.c.obj
 .debug_aranges
                0x0000000000000200       0xe8 CMakeFiles/STM32F401_RETx.elf.dir/Drivers/STM32F4xx_HAL_Driver/Src/stm32f4xx_hal_adc.c.obj
 .debug_aranges
                0x00000000000002e8       0xa8 CMakeFiles/STM32F401_RETx.elf.dir/Drivers/STM32F4xx_HAL_Driver/Src/stm32f4xx_hal_cortex.c.obj
 .debug_aranges
                0x0000000000000390       0x58 CMakeFiles/STM32F401_RETx.elf.dir/Drivers/STM32F4xx_HAL_Driver/Src/stm32f4xx_hal_gpio.c.obj
 .debug_aranges
                0x00000000000003e8       0x88 CMakeFiles/STM32F401_RETx.elf.dir/Drivers/STM32F4xx_HAL_Driver/Src/stm32f4xx_hal_rcc.c.obj
 .debug_aranges
                0x0000000000000470      0x228 CMakeFiles/STM32F401_RETx.elf.dir/Drivers/STM32F4xx_HAL_Driver/Src/stm32f4xx_hal_uart.c.obj
 .debug_aranges
                0x0000000000000698       0x28 CMakeFiles/STM32F401_RETx.elf.dir/startup/startup_stm32f401xe.s.obj

.debug_ranges   0x0000000000000000      0x6a8
 .debug_ranges  0x0000000000000000       0x38 CMakeFiles/STM32F401_RETx.elf.dir/Core/Src/main.c.obj
 .debug_ranges  0x0000000000000038       0x30 CMakeFiles/STM32F401_RETx.elf.dir/Core/Src/stm32f4xx_hal_msp.c.obj
 .debug_ranges  0x0000000000000068       0x50 CMakeFiles/STM32F401_RETx.elf.dir/Core/Src/stm32f4xx_it.c.obj
 .debug_ranges  0x00000000000000b8       0x18 CMakeFiles/STM32F401_RETx.elf.dir/Core/Src/system_stm32f4xx.c.obj
 .debug_ranges  0x00000000000000d0       0xe0 CMakeFiles/STM32F401_RETx.elf.dir/Drivers/STM32F4xx_HAL_Driver/Src/stm32f4xx_hal.c.obj
 .debug_ranges  0x00000000000001b0       0xd8 CMakeFiles/STM32F401_RETx.elf.dir/Drivers/STM32F4xx_HAL_Driver/Src/stm32f4xx_hal_adc.c.obj
 .debug_ranges  0x0000000000000288       0xf8 CMakeFiles/STM32F401_RETx.elf.dir/Drivers/STM32F4xx_HAL_Driver/Src/stm32f4xx_hal_cortex.c.obj
 .debug_ranges  0x0000000000000380       0x48 CMakeFiles/STM32F401_RETx.elf.dir/Drivers/STM32F4xx_HAL_Driver/Src/stm32f4xx_hal_gpio.c.obj
 .debug_ranges  0x00000000000003c8       0x90 CMakeFiles/STM32F401_RETx.elf.dir/Drivers/STM32F4xx_HAL_Driver/Src/stm32f4xx_hal_rcc.c.obj
 .debug_ranges  0x0000000000000458      0x230 CMakeFiles/STM32F401_RETx.elf.dir/Drivers/STM32F4xx_HAL_Driver/Src/stm32f4xx_hal_uart.c.obj
 .debug_ranges  0x0000000000000688       0x20 CMakeFiles/STM32F401_RETx.elf.dir/startup/startup_stm32f401xe.s.obj

.debug_line     0x0000000000000000     0x89f2
 .debug_line    0x0000000000000000      0x598 CMakeFiles/STM32F401_RETx.elf.dir/Core/Src/main.c.obj
 .debug_line    0x0000000000000598      0x36b CMakeFiles/STM32F401_RETx.elf.dir/Core/Src/stm32f4xx_hal_msp.c.obj
 .debug_line    0x0000000000000903      0x1cd CMakeFiles/STM32F401_RETx.elf.dir/Core/Src/stm32f4xx_it.c.obj
 .debug_line    0x0000000000000ad0      0x237 CMakeFiles/STM32F401_RETx.elf.dir/Core/Src/system_stm32f4xx.c.obj
 .debug_line    0x0000000000000d07      0x5d3 CMakeFiles/STM32F401_RETx.elf.dir/Drivers/STM32F4xx_HAL_Driver/Src/stm32f4xx_hal.c.obj
 .debug_line    0x00000000000012da     0x1047 CMakeFiles/STM32F401_RETx.elf.dir/Drivers/STM32F4xx_HAL_Driver/Src/stm32f4xx_hal_adc.c.obj
 .debug_line    0x0000000000002321      0x7e2 CMakeFiles/STM32F401_RETx.elf.dir/Drivers/STM32F4xx_HAL_Driver/Src/stm32f4xx_hal_cortex.c.obj
 .debug_line    0x0000000000002b03      0x702 CMakeFiles/STM32F401_RETx.elf.dir/Drivers/STM32F4xx_HAL_Driver/Src/stm32f4xx_hal_gpio.c.obj
 .debug_line    0x0000000000003205      0xb4f CMakeFiles/STM32F401_RETx.elf.dir/Drivers/STM32F4xx_HAL_Driver/Src/stm32f4xx_hal_rcc.c.obj
 .debug_line    0x0000000000003d54     0x4bf5 CMakeFiles/STM32F401_RETx.elf.dir/Drivers/STM32F4xx_HAL_Driver/Src/stm32f4xx_hal_uart.c.obj
 .debug_line    0x0000000000008949       0xa9 CMakeFiles/STM32F401_RETx.elf.dir/startup/startup_stm32f401xe.s.obj

.debug_str      0x0000000000000000     0x2854
 .debug_str     0x0000000000000000      0xb6c CMakeFiles/STM32F401_RETx.elf.dir/Core/Src/main.c.obj
                                        0xcb8 (size before relaxing)
 .debug_str     0x0000000000000b6c       0xd2 CMakeFiles/STM32F401_RETx.elf.dir/Core/Src/stm32f4xx_hal_msp.c.obj
                                        0xaa8 (size before relaxing)
 .debug_str     0x0000000000000c3e       0xdf CMakeFiles/STM32F401_RETx.elf.dir/Core/Src/stm32f4xx_it.c.obj
                                        0x271 (size before relaxing)
 .debug_str     0x0000000000000d1d       0xaf CMakeFiles/STM32F401_RETx.elf.dir/Core/Src/system_stm32f4xx.c.obj
                                        0x375 (size before relaxing)
 .debug_str     0x0000000000000dcc      0x6f4 CMakeFiles/STM32F401_RETx.elf.dir/Drivers/STM32F4xx_HAL_Driver/Src/stm32f4xx_hal.c.obj
                                        0xa4c (size before relaxing)
 .debug_str     0x00000000000014c0      0x2e9 CMakeFiles/STM32F401_RETx.elf.dir/Drivers/STM32F4xx_HAL_Driver/Src/stm32f4xx_hal_adc.c.obj
                                        0x995 (size before relaxing)
 .debug_str     0x00000000000017a9      0x4d3 CMakeFiles/STM32F401_RETx.elf.dir/Drivers/STM32F4xx_HAL_Driver/Src/stm32f4xx_hal_cortex.c.obj
                                        0xb0c (size before relaxing)
 .debug_str     0x0000000000001c7c      0x13f CMakeFiles/STM32F401_RETx.elf.dir/Drivers/STM32F4xx_HAL_Driver/Src/stm32f4xx_hal_gpio.c.obj
                                        0x533 (size before relaxing)
 .debug_str     0x0000000000001dbb      0x1cc CMakeFiles/STM32F401_RETx.elf.dir/Drivers/STM32F4xx_HAL_Driver/Src/stm32f4xx_hal_rcc.c.obj
                                        0x75a (size before relaxing)
 .debug_str     0x0000000000001f87      0x876 CMakeFiles/STM32F401_RETx.elf.dir/Drivers/STM32F4xx_HAL_Driver/Src/stm32f4xx_hal_uart.c.obj
                                       0x10a6 (size before relaxing)
 .debug_str     0x00000000000027fd       0x57 CMakeFiles/STM32F401_RETx.elf.dir/startup/startup_stm32f401xe.s.obj
                                         0x94 (size before relaxing)

.comment        0x0000000000000000       0x49
 .comment       0x0000000000000000       0x49 CMakeFiles/STM32F401_RETx.elf.dir/Core/Src/main.c.obj
                                         0x4a (size before relaxing)
 .comment       0x0000000000000049       0x4a CMakeFiles/STM32F401_RETx.elf.dir/Core/Src/stm32f4xx_hal_msp.c.obj
 .comment       0x0000000000000049       0x4a CMakeFiles/STM32F401_RETx.elf.dir/Core/Src/stm32f4xx_it.c.obj
 .comment       0x0000000000000049       0x4a CMakeFiles/STM32F401_RETx.elf.dir/Core/Src/system_stm32f4xx.c.obj
 .comment       0x0000000000000049       0x4a CMakeFiles/STM32F401_RETx.elf.dir/Drivers/STM32F4xx_HAL_Driver/Src/stm32f4xx_hal.c.obj
 .comment       0x0000000000000049       0x4a CMakeFiles/STM32F401_RETx.elf.dir/Drivers/STM32F4xx_HAL_Driver/Src/stm32f4xx_hal_adc.c.obj
 .comment       0x0000000000000049       0x4a CMakeFiles/STM32F401_RETx.elf.dir/Drivers/STM32F4xx_HAL_Driver/Src/stm32f4xx_hal_cortex.c.obj
 .comment       0x0000000000000049       0x4a CMakeFiles/STM32F401_RETx.elf.dir/Drivers/STM32F4xx_HAL_Driver/Src/stm32f4xx_hal_gpio.c.obj
 .comment       0x0000000000000049       0x4a CMakeFiles/STM32F401_RETx.elf.dir/Drivers/STM32F4xx_HAL_Driver/Src/stm32f4xx_hal_rcc.c.obj
 .comment       0x0000000000000049       0x4a CMakeFiles/STM32F401_RETx.elf.dir/Drivers/STM32F4xx_HAL_Driver/Src/stm32f4xx_hal_uart.c.obj

.debug_frame    0x0000000000000000     0x128c
 .debug_frame   0x0000000000000000       0xb8 CMakeFiles/STM32F401_RETx.elf.dir/Core/Src/main.c.obj
 .debug_frame   0x00000000000000b8       0x9c CMakeFiles/STM32F401_RETx.elf.dir/Core/Src/stm32f4xx_hal_msp.c.obj
 .debug_frame   0x0000000000000154       0xa8 CMakeFiles/STM32F401_RETx.elf.dir/Core/Src/stm32f4xx_it.c.obj
 .debug_frame   0x00000000000001fc       0x30 CMakeFiles/STM32F401_RETx.elf.dir/Core/Src/system_stm32f4xx.c.obj
 .debug_frame   0x000000000000022c      0x1ec CMakeFiles/STM32F401_RETx.elf.dir/Drivers/STM32F4xx_HAL_Driver/Src/stm32f4xx_hal.c.obj
 .debug_frame   0x0000000000000418      0x268 CMakeFiles/STM32F401_RETx.elf.dir/Drivers/STM32F4xx_HAL_Driver/Src/stm32f4xx_hal_adc.c.obj
 .debug_frame   0x0000000000000680      0x148 CMakeFiles/STM32F401_RETx.elf.dir/Drivers/STM32F4xx_HAL_Driver/Src/stm32f4xx_hal_cortex.c.obj
 .debug_frame   0x00000000000007c8       0xd8 CMakeFiles/STM32F401_RETx.elf.dir/Drivers/STM32F4xx_HAL_Driver/Src/stm32f4xx_hal_gpio.c.obj
 .debug_frame   0x00000000000008a0      0x16c CMakeFiles/STM32F401_RETx.elf.dir/Drivers/STM32F4xx_HAL_Driver/Src/stm32f4xx_hal_rcc.c.obj
 .debug_frame   0x0000000000000a0c      0x634 CMakeFiles/STM32F401_RETx.elf.dir/Drivers/STM32F4xx_HAL_Driver/Src/stm32f4xx_hal_uart.c.obj
 .debug_frame   0x0000000000001040       0x2c /Applications/ARM/bin/../lib/gcc/arm-none-eabi/10.3.1/thumb/v7e-m/nofp/libgcc.a(_aeabi_uldivmod.o)
 .debug_frame   0x000000000000106c       0x34 /Applications/ARM/bin/../lib/gcc/arm-none-eabi/10.3.1/thumb/v7e-m/nofp/libgcc.a(_udivmoddi4.o)
 .debug_frame   0x00000000000010a0       0x2c /Applications/ARM/bin/../lib/gcc/arm-none-eabi/10.3.1/../../../../arm-none-eabi/lib/thumb/v7e-m/nofp/libg.a(lib_a-init.o)
 .debug_frame   0x00000000000010cc       0x2c /Applications/ARM/bin/../lib/gcc/arm-none-eabi/10.3.1/../../../../arm-none-eabi/lib/thumb/v7e-m/nofp/libg.a(lib_a-memset.o)
 .debug_frame   0x00000000000010f8       0x5c /Applications/ARM/bin/../lib/gcc/arm-none-eabi/10.3.1/../../../../arm-none-eabi/lib/thumb/v7e-m/nofp/libg.a(lib_a-__call_atexit.o)
 .debug_frame   0x0000000000001154       0x20 /Applications/ARM/bin/../lib/gcc/arm-none-eabi/10.3.1/../../../../arm-none-eabi/lib/thumb/v7e-m/nofp/libg.a(lib_a-atexit.o)
 .debug_frame   0x0000000000001174       0x34 /Applications/ARM/bin/../lib/gcc/arm-none-eabi/10.3.1/../../../../arm-none-eabi/lib/thumb/v7e-m/nofp/libg.a(lib_a-fini.o)
 .debug_frame   0x00000000000011a8       0xb0 /Applications/ARM/bin/../lib/gcc/arm-none-eabi/10.3.1/../../../../arm-none-eabi/lib/thumb/v7e-m/nofp/libg.a(lib_a-lock.o)
 .debug_frame   0x0000000000001258       0x34 /Applications/ARM/bin/../lib/gcc/arm-none-eabi/10.3.1/../../../../arm-none-eabi/lib/thumb/v7e-m/nofp/libg.a(lib_a-__atexit.o)

.debug_loc      0x0000000000000000     0x6fc1
 .debug_loc     0x0000000000000000      0x108 CMakeFiles/STM32F401_RETx.elf.dir/Core/Src/stm32f4xx_hal_msp.c.obj
 .debug_loc     0x0000000000000108      0x158 CMakeFiles/STM32F401_RETx.elf.dir/Core/Src/system_stm32f4xx.c.obj
 .debug_loc     0x0000000000000260      0x141 CMakeFiles/STM32F401_RETx.elf.dir/Drivers/STM32F4xx_HAL_Driver/Src/stm32f4xx_hal.c.obj
 .debug_loc     0x00000000000003a1      0xaea CMakeFiles/STM32F401_RETx.elf.dir/Drivers/STM32F4xx_HAL_Driver/Src/stm32f4xx_hal_adc.c.obj
 .debug_loc     0x0000000000000e8b      0x744 CMakeFiles/STM32F401_RETx.elf.dir/Drivers/STM32F4xx_HAL_Driver/Src/stm32f4xx_hal_cortex.c.obj
 .debug_loc     0x00000000000015cf      0x520 CMakeFiles/STM32F401_RETx.elf.dir/Drivers/STM32F4xx_HAL_Driver/Src/stm32f4xx_hal_gpio.c.obj
 .debug_loc     0x0000000000001aef      0x58c CMakeFiles/STM32F401_RETx.elf.dir/Drivers/STM32F4xx_HAL_Driver/Src/stm32f4xx_hal_rcc.c.obj
 .debug_loc     0x000000000000207b     0x4f46 CMakeFiles/STM32F401_RETx.elf.dir/Drivers/STM32F4xx_HAL_Driver/Src/stm32f4xx_hal_uart.c.obj
